[ABB 2012-12] Interest is 0: ICR displayed as Debt Free (None numeric)
[ABB 2014-03] Interest is 0: ICR displayed as Debt Free (None numeric)
[ABB 2015-03] Interest is 0: ICR displayed as Debt Free (None numeric)
[ADANIENSOL 2014-03] Interest is 0: ICR displayed as Debt Free (None numeric)
[ADANIENSOL 2018-03] 3yr PAT CAGR Turnaround detected (base=-7.0, end=1143.0)
[ADANIGREEN 2021-03] 3yr PAT CAGR Turnaround detected (base=-138.0, end=182.0)
[ADANIGREEN 2022-03] 3yr PAT CAGR Turnaround detected (base=-475.0, end=489.0)
[ADANIGREEN 2023-03] 3yr PAT CAGR Turnaround detected (base=-68.0, end=973.0)
[ADANIPOWER 2016-03] 3yr PAT CAGR Turnaround detected (base=-2295.0, end=551.0)
[ADANIPOWER 2021-03] 3yr PAT CAGR Turnaround detected (base=-2103.0, end=1270.0)
[ADANIPOWER 2022-03] 3yr PAT CAGR Turnaround detected (base=-984.0, end=4912.0)
[ADANIPOWER 2023-03] 3yr PAT CAGR Turnaround detected (base=-2275.0, end=10727.0)
[BAJAJHLDNG 2013-03] Interest is 0: ICR displayed as Debt Free (None numeric)
[BAJAJHLDNG 2014-03] Interest is 0: ICR displayed as Debt Free (None numeric)
[BAJAJHLDNG 2015-03] Interest is 0: ICR displayed as Debt Free (None numeric)
[BAJAJHLDNG 2016-03] Interest is 0: ICR displayed as Debt Free (None numeric)
[BAJAJHLDNG 2017-03] Interest is 0: ICR displayed as Debt Free (None numeric)
[BAJAJHLDNG 2018-03] Interest is 0: ICR displayed as Debt Free (None numeric)
[BAJAJHLDNG 2019-03] Interest is 0: ICR displayed as Debt Free (None numeric)
[BANKBARODA 2019-03] 3yr PAT CAGR Turnaround detected (base=-5033.0, end=1166.0)
[BANKBARODA 2021-03] 3yr PAT CAGR Turnaround detected (base=-1836.0, end=1620.0)
[BHARTIARTL 2023-03] 3yr PAT CAGR Turnaround detected (base=-30664.0, end=12287.0)
[BHARTIARTL 2024-03] 3yr PAT CAGR Turnaround detected (base=-12364.0, end=8558.0)
[BHEL 2019-03] 3yr PAT CAGR Turnaround detected (base=-706.0, end=1002.0)
[BHEL 2023-03] 3yr PAT CAGR Turnaround detected (base=-1468.0, end=654.0)
[BHEL 2024-03] 3yr PAT CAGR Turnaround detected (base=-2700.0, end=282.0)
[BOSCHLTD 2013-12] Interest is 0: ICR displayed as Debt Free (None numeric)
[CANBK 2019-03] 3yr PAT CAGR Turnaround detected (base=-2535.0, end=696.0)
[CANBK 2021-03] 3yr PAT CAGR Turnaround detected (base=-3873.0, end=2957.0)
[CANBK 2023-03] 3yr PAT CAGR Turnaround detected (base=-1921.0, end=11345.0)
[CHOLAFIN 2015-03] Interest is 0: ICR displayed as Debt Free (None numeric)
[CHOLAFIN 2018-03] Interest is 0: ICR displayed as Debt Free (None numeric)
[CHOLAFIN 2020-03] Interest is 0: ICR displayed as Debt Free (None numeric)
[DLF 2023-03] 3yr PAT CAGR Turnaround detected (base=-590.0, end=2034.0)
[HINDALCO 2019-03] 3yr PAT CAGR Turnaround detected (base=-702.0, end=5495.0)
[ICICIGI 2016-03] Interest is 0: ICR displayed as Debt Free (None numeric)
[ICICIPRULI 2016-03] Interest is 0: ICR displayed as Debt Free (None numeric)
[INDIGO 2024-03] 3yr PAT CAGR Turnaround detected (base=-6171.0, end=8167.0)
[INFY 2016-03] Interest is 0: ICR displayed as Debt Free (None numeric)
[INFY 2017-03] Interest is 0: ICR displayed as Debt Free (None numeric)
[INFY 2018-03] Interest is 0: ICR displayed as Debt Free (None numeric)
[INFY 2019-03] Interest is 0: ICR displayed as Debt Free (None numeric)
[IOC 2023-03] 3yr PAT CAGR Turnaround detected (base=-1876.0, end=11704.0)
[IRCTC 2015-03] Interest is 0: ICR displayed as Debt Free (None numeric)
[IRCTC 2016-03] Interest is 0: ICR displayed as Debt Free (None numeric)
[JINDALSTEL 2021-03] 3yr PAT CAGR Turnaround detected (base=-1616.0, end=4267.0)
[JINDALSTEL 2022-03] 3yr PAT CAGR Turnaround detected (base=-2412.0, end=6766.0)
[JINDALSTEL 2023-03] 3yr PAT CAGR Turnaround detected (base=-400.0, end=3974.0)
[JIOFIN 2023-03] Interest is 0: ICR displayed as Debt Free (None numeric)
[JSWSTEEL 2019-03] 3yr PAT CAGR Turnaround detected (base=-481.0, end=7524.0)
[LICI 2019-03] Interest is 0: ICR displayed as Debt Free (None numeric)
[LICI 2020-03] Interest is 0: ICR displayed as Debt Free (None numeric)
[LICI 2021-03] Interest is 0: ICR displayed as Debt Free (None numeric)
[LICI 2022-03] Interest is 0: ICR displayed as Debt Free (None numeric)
[M&M 2023-03] 3yr PAT CAGR Turnaround detected (base=-321.0, end=11374.0)
[NAUKRI 2018-03] 3yr PAT CAGR Turnaround detected (base=-14.0, end=501.0)
[PNB 2021-03] 3yr PAT CAGR Turnaround detected (base=-12111.0, end=2695.0)
[PNB 2022-03] 3yr PAT CAGR Turnaround detected (base=-9550.0, end=3908.0)
[SBILIFE 2020-03] Interest is 0: ICR displayed as Debt Free (None numeric)
[SBILIFE 2021-03] Interest is 0: ICR displayed as Debt Free (None numeric)
[SBILIFE 2022-03] Interest is 0: ICR displayed as Debt Free (None numeric)
[SBIN 2020-03] 3yr PAT CAGR Turnaround detected (base=-97.0, end=21140.0)
[SBIN 2021-03] 3yr PAT CAGR Turnaround detected (base=-3749.0, end=23888.0)
[TATACONSUM 2019-03] 3yr PAT CAGR Turnaround detected (base=-37.0, end=457.0)
[TATAMOTORS 2023-03] 3yr PAT CAGR Turnaround detected (base=-11975.0, end=2690.0)
[TATAMOTORS 2024-03] 3yr PAT CAGR Turnaround detected (base=-13395.0, end=31807.0)
[TATASTEEL 2018-03] 3yr PAT CAGR Turnaround detected (base=-3939.0, end=17743.0)
[TATASTEEL 2019-03] 3yr PAT CAGR Turnaround detected (base=-497.0, end=9122.0)
[TATASTEEL 2020-03] 3yr PAT CAGR Turnaround detected (base=-4169.0, end=1174.0)
[TRENT 2016-03] 3yr PAT CAGR Turnaround detected (base=-27.0, end=55.0)
[TRENT 2017-03] 3yr PAT CAGR Turnaround detected (base=-19.0, end=85.0)
[TRENT 2024-03] 3yr PAT CAGR Turnaround detected (base=-181.0, end=1477.0)